// Jest Snapshot v1, https://goo.gl/fbAQLP

exports[`JoblistMain component renders a .JoblistMain by default 1`] = `
<section
  className="JoblistMain"
>
  <div
    className="JoblistMain__button-container"
  >
    <NavCircleButton
      className="JoblistMain__add-job-button"
      tag={
        Object {
          "$$typeof": Symbol(react.forward_ref),
          "propTypes": Object {
            "innerRef": [Function],
            "onClick": [Function],
            "replace": [Function],
            "target": [Function],
            "to": [Function],
          },
          "render": [Function],
        }
      }
      to="/home/add-job"
      type="button"
    >
      <FontAwesomeIcon
        border={false}
        className=""
        fixedWidth={false}
        flip={null}
        icon="plus"
        inverse={false}
        listItem={false}
        mask={null}
        pull={null}
        pulse={false}
        rotation={null}
        size={null}
        spin={false}
        swapOpacity={false}
        symbol={false}
        title=""
        transform={null}
      />
      <br />
      Job
    </NavCircleButton>
  </div>
  <ul
    style={
      Object {
        "display": "flex",
        "flexWrap": "wrap",
      }
    }
  />
</section>
`;
